******************************************************************************
              TMS320C55x Linker PC v4.3.6                      
******************************************************************************
>> Linked Wed Mar 26 15:21:25 2025

OUTPUT FILE NAME:   <test.out>
ENTRY POINT SYMBOL: "_c_int00"  address: 00010c2d


MEMORY CONFIGURATION

         name            origin    length      used     unused   attr    fill
                        (bytes)   (bytes)    (bytes)   (bytes)
----------------------  --------  ---------  --------  --------  ----  --------
  MMR                   00000000   000000c0  00000000  000000c0  RW  
  DARAM_0               000000c0   00001f40  00000100  00001e40  RW  
  DARAM_1               00002000   00002000  00000020  00001fe0  RW  
  DARAM_2               00004000   00002000  00000020  00001fe0  RW  
  DARAM_3               00006000   00002000  00000020  00001fe0  RW  
  DARAM                 00008000   00008000  00003130  00004ed0  RW  
  SARAM                 00010000   00040000  00000c91  0003f36f  RW  
  EMIF_CS0              00050000   007b0000  00000000  007b0000  RW  
  EMIF_CS2              00800000   00400000  00000000  00400000  RW  
  EMIF_CS3              00c00000   00200000  00000000  00200000  RW  
  EMIF_CS4              00e00000   00100000  00000000  00100000  RW  
  EMIF_CS5              00f00000   000e0000  00000000  000e0000  RW  
  SAROM_0               00fe0000   00008000  00000000  00008000  R  X
  SAROM_1               00fe8000   00008000  00000000  00008000  R  X
  SAROM_2               00ff0000   00008000  00000000  00008000  R  X
  SAROM_3               00ff8000   00008000  00000000  00008000  R  X


SECTION ALLOCATION MAP
(Addresses surrounded by []'s are displayed for convenience only!)

output                                                          attributes/
section   page  orgn(bytes) orgn(words) len(bytes) len(words)   input sections
--------  ----  ----------- ----------- ---------- ----------   --------------
vectors      0     000000c0  [ 00000060 ] 00000100          *   NOLOAD SECTION
                   000000c0  [ 00000060 ] 00000100          *   rts55x.lib : vectors.obj (vectors)

cmplxBuf     0   [ 00002000 ]  00001000          *   00000010   UNINITIALIZED
                 [ 00002000 ]  00001000          *   00000010   main.obj (cmplxBuf)

tmpBuf       0   [ 00004000 ]  00002000          *   00000010   UNINITIALIZED
                 [ 00004000 ]  00002000          *   00000010   main.obj (tmpBuf)

brBuf        0   [ 00006000 ]  00003000          *   00000010   UNINITIALIZED
                 [ 00006000 ]  00003000          *   00000010   main.obj (brBuf)

.stack       0   [ 00008000 ]  00004000          *   00001000   UNINITIALIZED
                 [ 00008000 ]  00004000          *   00001000   --HOLE--

.data        0   [ 00008000 ]  00004000          *   00000000   UNINITIALIZED

.sysstack 
*            0   [ 0000a000 ]  00005000          *   00000800   UNINITIALIZED
                 [ 0000a000 ]  00005000          *   00000800   --HOLE--

.bss         0   [ 0000b000 ]  00005800          *   00000052   UNINITIALIZED
                 [ 0000b000 ]  00005800          *   00000049   main.obj (.bss)
                 [ 0000b092 ]  00005849          *   00000001   --HOLE--
                 [ 0000b094 ]  0000584a          *   00000004   rts55x.lib : _lock.obj (.bss)
                 [ 0000b09c ]  0000584e          *   00000004              : exit.obj (.bss)

.cinit       0   [ 0000b0a4 ]  00005852          *   00000024   
                 [ 0000b0a4 ]  00005852          *   0000000f   main.obj (.cinit)
                 [ 0000b0c2 ]  00005861          *   0000000a   rts55x.lib : _lock.obj (.cinit)
                 [ 0000b0d6 ]  0000586b          *   0000000a              : exit.obj (.cinit)
                 [ 0000b0ea ]  00005875          *   00000001   --HOLE-- [fill = 0]

.const       0   [ 0000b0ec ]  00005876          *   00000022   
                 [ 0000b0ec ]  00005876          *   00000010   main.obj (.const:_$P$T0$1)
                 [ 0000b10c ]  00005886          *   00000010   main.obj (.const:_$P$T1$2)
                 [ 0000b12c ]  00005896          *   00000002   main.obj (.const)

.text        0     00010000  [ 00008000 ] 00000c91          *   
                   00010000  [ 00008000 ] 0000073c          *   main.obj (.text)
                   0001073c  [ 0000839e ] 00000259          *   rts55x.lib : addd.obj (.text)
                   00010995  [ 000084ca+] 0000014c          *              : mpyd.obj (.text)
                   00010ae1  [ 00008570+] 00000076          *              : frcmpyd.obj (.text)
                   00010b57  [ 000085ab+] 0000004d          *              : autoinit.obj (.text)
                   00010ba4  [ 000085d2 ] 0000004b          *              : args_main.obj (.text)
                   00010bef  [ 000085f7+] 0000003e          *              : exit.obj (.text)
                   00010c2d  [ 00008616+] 00000034          *              : boot.obj (.text)
                   00010c61  [ 00008630+] 00000014          *              : subd.obj (.text)
                   00010c75  [ 0000863a+] 00000012          *              : _lock.obj (.text)
                   00010c87  [ 00008643+] 00000007          *              : exit.obj (.text:CIO_breakpoint)
                   00010c8e  [ 00008647 ] 00000002          *              : vectors.obj (.text)
                   00010c90  [ 00008648 ] 00000001          *   --HOLE-- [fill = 20]


GLOBAL SYMBOLS: SORTED ALPHABETICALLY BY Name 

abs. value/
byte addr   word addr   name
---------   ---------   ----
00000002                $TI_capability$C5500$CallingConvention
00000002                $TI_capability$C5500$MemoryModel
00000001                $TI_capability_requires_rev3
            00005800    .bss
            00004000    .data
00010000                .text
00010c88                C$$EXIT
000000c0                _Reset
            00005000    __STACK_END
00002000                __STACK_SIZE
00001000                __SYSSTACK_SIZE
ffffffff                ___binit__
            00005800    ___bss__
ffffffff                ___c_args__
            00005852    ___cinit__
            00004000    ___data__
            00004000    ___edata__
            00005852    ___end__
00010c91                ___etext__
ffffffff                ___pinit__
00010000                ___text__
0001073c                __addd
00010ba4                __args_main
            0000584e    __cleanup_ptr
            00005850    __dtors_ptr
00010ae1                __frcmpyd
            0000584a    __lock
00010995                __mpyd
00010c85                __nop
00010c7d                __register_lock
00010c75                __register_unlock
            00004000    __stack
00010c61                __subd
            00005000    __sysstack
            0000584c    __unlock
00010c87                _abort
00010b57                _auto_init
00010000                _bitrev_of
            00003000    _bitreversed_buffer
000100e3                _butterfly
00010c2d                _c_int00
            00001000    _complex_buffer
0001005c                _complex_multiply
00010526                _do_fft
00010628                _do_ifft
00010bef                _exit
00ff7a56                _hwafft_1024pts
00ff73cd                _hwafft_128pts
00ff6dd9                _hwafft_16pts
00ff75de                _hwafft_256pts
00ff6f2f                _hwafft_32pts
00ff77dc                _hwafft_512pts
00ff7238                _hwafft_64pts
00ff6cea                _hwafft_8pts
00ff6cd6                _hwafft_br
            00005840    _imagpart_fft
00010504                _main
            00005838    _realpart_fft
            00005848    _scale
00010150                _sw_fft
            00002000    _temporary_buffer
            00005800    _x
            00005808    _x_sw
            00005828    _y_sw_imag
            00005818    _y_sw_real
ffffffff                binit
            00005852    cinit
            00004000    edata
            00005852    end
00010c91                etext
ffffffff                pinit


GLOBAL SYMBOLS: SORTED BY Symbol Address 

abs. value/
byte addr   word addr   name
---------   ---------   ----
00000001                $TI_capability_requires_rev3
00000002                $TI_capability$C5500$CallingConvention
00000002                $TI_capability$C5500$MemoryModel
000000c0                _Reset
00001000                __SYSSTACK_SIZE
00002000                __STACK_SIZE
            00001000    _complex_buffer
            00002000    _temporary_buffer
            00003000    _bitreversed_buffer
            00004000    .data
            00004000    ___data__
            00004000    ___edata__
            00004000    __stack
            00004000    edata
            00005000    __STACK_END
            00005000    __sysstack
            00005800    .bss
            00005800    ___bss__
            00005800    _x
            00005808    _x_sw
            00005818    _y_sw_real
            00005828    _y_sw_imag
            00005838    _realpart_fft
            00005840    _imagpart_fft
            00005848    _scale
            0000584a    __lock
            0000584c    __unlock
            0000584e    __cleanup_ptr
            00005850    __dtors_ptr
            00005852    ___cinit__
            00005852    ___end__
            00005852    cinit
            00005852    end
00010000                .text
00010000                ___text__
00010000                _bitrev_of
0001005c                _complex_multiply
000100e3                _butterfly
00010150                _sw_fft
00010504                _main
00010526                _do_fft
00010628                _do_ifft
0001073c                __addd
00010995                __mpyd
00010ae1                __frcmpyd
00010b57                _auto_init
00010ba4                __args_main
00010bef                _exit
00010c2d                _c_int00
00010c61                __subd
00010c75                __register_unlock
00010c7d                __register_lock
00010c85                __nop
00010c87                _abort
00010c88                C$$EXIT
00010c91                ___etext__
00010c91                etext
00ff6cd6                _hwafft_br
00ff6cea                _hwafft_8pts
00ff6dd9                _hwafft_16pts
00ff6f2f                _hwafft_32pts
00ff7238                _hwafft_64pts
00ff73cd                _hwafft_128pts
00ff75de                _hwafft_256pts
00ff77dc                _hwafft_512pts
00ff7a56                _hwafft_1024pts
ffffffff                ___binit__
ffffffff                ___c_args__
ffffffff                ___pinit__
ffffffff                binit
ffffffff                pinit

[71 symbols]
